ARM Linker, 5.03 [Build 76] [MDK-ARM Lite]

==============================================================================

Section Cross References

    startup.o(STACK) refers (Special) to heapauxi.o(.text) for __use_two_region_memory
    startup.o(HEAP) refers (Special) to heapauxi.o(.text) for __use_two_region_memory
    startup.o(RESET) refers (Special) to heapauxi.o(.text) for __use_two_region_memory
    startup.o(RESET) refers to startup.o(STACK) for Stack_Top
    startup.o(RESET) refers to __main.o(!!!main) for __main
    startup.o(.text) refers (Special) to heapauxi.o(.text) for __use_two_region_memory
    startup.o(.text) refers to startup.o(HEAP) for Heap_Mem
    startup.o(.text) refers to startup.o(STACK) for Stack_Mem
    main.o(.text) refers to keyboard.o(.text) for Keyboard::eRead()
    main.o(.text) refers to led.o(.text) for Led::Led()
    main.o(.text) refers to stepper.o(.text) for Stepper::SetLed(Led*)
    main.o(.text) refers to main.o(.data) for MyKeyboard
    main.o(.text) refers to ledinv.o(.constdata__ZTV6LedInv) for vtable for LedInv
    main.o(.ARM.exidx) refers to main.o(.text) for .text
    main.o(.init_array) refers to main.o(.text) for __sti___8_main_cpp
    main.o(.init_array) refers to init_aeabi.o(.text) for __cpp_initialize__aeabi_
    led.o(.text) refers to led.o(.constdata__ZTV3Led) for vtable for Led
    led.o(.ARM.exidx) refers to led.o(.text) for .text
    stepper.o(.ARM.exidx) refers to stepper.o(.text) for .text
    ledinv.o(.ARM.exidx) refers to ledinv.o(.text) for .text
    keyboard.o(.ARM.exidx) refers to keyboard.o(.text) for .text
    __main.o(!!!main) refers to rtentry.o(.ARM.Collect$$rtentry$$00000000) for __rt_entry
    init_aeabi.o(.emb_text) refers (Special) to libinit2.o(.ARM.Collect$$libinit$$0000002F) for __rt_lib_init_cpp_2
    init_aeabi.o(.init_array) refers (Special) to libinit2.o(.ARM.Collect$$libinit$$0000002F) for __rt_lib_init_cpp_2
    init_aeabi.o(.dummy_text) refers (Special) to libinit2.o(.ARM.Collect$$libinit$$0000002F) for __rt_lib_init_cpp_2
    init_aeabi.o(.text) refers (Special) to libinit2.o(.ARM.Collect$$libinit$$0000002F) for __rt_lib_init_cpp_2
    init_aeabi.o(.text) refers to init_aeabi.o(i.__ARM_common_call_via_r0) for __ARM_common_call_via_r0
    init_aeabi.o(.ARM.exidx) refers (Special) to libinit2.o(.ARM.Collect$$libinit$$0000002F) for __rt_lib_init_cpp_2
    init_aeabi.o(.ARM.exidx) refers to init_aeabi.o(.text) for .text
    lib_rtti_impl.o(i._ZN10__cxxabiv116__enum_type_infoD0Ev) refers to lib_rtti_impl.o(i._ZN10__cxxabiv116__enum_type_infoD1Ev) for __cxxabiv1::__enum_type_info::~__enum_type_info()
    lib_rtti_impl.o(i._ZN10__cxxabiv117__array_type_infoD0Ev) refers to lib_rtti_impl.o(i._ZN10__cxxabiv117__array_type_infoD1Ev) for __cxxabiv1::__array_type_info::~__array_type_info()
    lib_rtti_impl.o(i._ZN10__cxxabiv117__class_type_infoD0Ev) refers to lib_rtti_impl.o(i._ZN10__cxxabiv117__class_type_infoD1Ev) for __cxxabiv1::__class_type_info::~__class_type_info()
    lib_rtti_impl.o(i._ZN10__cxxabiv117__pbase_type_infoD0Ev) refers to lib_rtti_impl.o(i._ZN10__cxxabiv117__pbase_type_infoD1Ev) for __cxxabiv1::__pbase_type_info::~__pbase_type_info()
    lib_rtti_impl.o(i._ZN10__cxxabiv119__pointer_type_infoD0Ev) refers to lib_rtti_impl.o(i._ZN10__cxxabiv119__pointer_type_infoD1Ev) for __cxxabiv1::__pointer_type_info::~__pointer_type_info()
    lib_rtti_impl.o(i._ZN10__cxxabiv119__pointer_type_infoD1Ev) refers to lib_rtti_impl.o(i._ZN10__cxxabiv117__pbase_type_infoD1Ev) for __cxxabiv1::__pbase_type_info::~__pbase_type_info()
    lib_rtti_impl.o(i._ZN10__cxxabiv120__function_type_infoD0Ev) refers to lib_rtti_impl.o(i._ZN10__cxxabiv120__function_type_infoD1Ev) for __cxxabiv1::__function_type_info::~__function_type_info()
    lib_rtti_impl.o(i._ZN10__cxxabiv120__si_class_type_infoD0Ev) refers to lib_rtti_impl.o(i._ZN10__cxxabiv120__si_class_type_infoD1Ev) for __cxxabiv1::__si_class_type_info::~__si_class_type_info()
    lib_rtti_impl.o(i._ZN10__cxxabiv120__si_class_type_infoD1Ev) refers to lib_rtti_impl.o(i._ZN10__cxxabiv117__class_type_infoD1Ev) for __cxxabiv1::__class_type_info::~__class_type_info()
    lib_rtti_impl.o(i._ZN10__cxxabiv121__vmi_class_type_infoD0Ev) refers to lib_rtti_impl.o(i._ZN10__cxxabiv121__vmi_class_type_infoD1Ev) for __cxxabiv1::__vmi_class_type_info::~__vmi_class_type_info()
    lib_rtti_impl.o(i._ZN10__cxxabiv121__vmi_class_type_infoD1Ev) refers to lib_rtti_impl.o(i._ZN10__cxxabiv117__class_type_infoD1Ev) for __cxxabiv1::__class_type_info::~__class_type_info()
    lib_rtti_impl.o(i._ZN10__cxxabiv123__fundamental_type_infoD0Ev) refers to lib_rtti_impl.o(i._ZN10__cxxabiv123__fundamental_type_infoD1Ev) for __cxxabiv1::__fundamental_type_info::~__fundamental_type_info()
    lib_rtti_impl.o(i._ZN10__cxxabiv129__pointer_to_member_type_infoD0Ev) refers to lib_rtti_impl.o(i._ZN10__cxxabiv129__pointer_to_member_type_infoD1Ev) for __cxxabiv1::__pointer_to_member_type_info::~__pointer_to_member_type_info()
    lib_rtti_impl.o(i._ZN10__cxxabiv129__pointer_to_member_type_infoD1Ev) refers to lib_rtti_impl.o(i._ZN10__cxxabiv117__pbase_type_infoD1Ev) for __cxxabiv1::__pbase_type_info::~__pbase_type_info()
    lib_rtti_impl.o(.ARM.exidx) refers to lib_rtti_impl.o(i._ZN10__cxxabiv123__fundamental_type_infoD1Ev) for i._ZN10__cxxabiv123__fundamental_type_infoD1Ev
    lib_rtti_impl.o(.ARM.exidx) refers to lib_rtti_impl.o(i._ZN10__cxxabiv123__fundamental_type_infoD0Ev) for i._ZN10__cxxabiv123__fundamental_type_infoD0Ev
    lib_rtti_impl.o(.ARM.exidx) refers to lib_rtti_impl.o(i._ZN10__cxxabiv117__array_type_infoD1Ev) for i._ZN10__cxxabiv117__array_type_infoD1Ev
    lib_rtti_impl.o(.ARM.exidx) refers to lib_rtti_impl.o(i._ZN10__cxxabiv117__array_type_infoD0Ev) for i._ZN10__cxxabiv117__array_type_infoD0Ev
    lib_rtti_impl.o(.ARM.exidx) refers to lib_rtti_impl.o(i._ZN10__cxxabiv120__function_type_infoD1Ev) for i._ZN10__cxxabiv120__function_type_infoD1Ev
    lib_rtti_impl.o(.ARM.exidx) refers to lib_rtti_impl.o(i._ZN10__cxxabiv120__function_type_infoD0Ev) for i._ZN10__cxxabiv120__function_type_infoD0Ev
    lib_rtti_impl.o(.ARM.exidx) refers to lib_rtti_impl.o(i._ZN10__cxxabiv116__enum_type_infoD1Ev) for i._ZN10__cxxabiv116__enum_type_infoD1Ev
    lib_rtti_impl.o(.ARM.exidx) refers to lib_rtti_impl.o(i._ZN10__cxxabiv116__enum_type_infoD0Ev) for i._ZN10__cxxabiv116__enum_type_infoD0Ev
    lib_rtti_impl.o(.ARM.exidx) refers to lib_rtti_impl.o(i._ZN10__cxxabiv117__class_type_infoD1Ev) for i._ZN10__cxxabiv117__class_type_infoD1Ev
    lib_rtti_impl.o(.ARM.exidx) refers to lib_rtti_impl.o(i._ZN10__cxxabiv117__class_type_infoD0Ev) for i._ZN10__cxxabiv117__class_type_infoD0Ev
    lib_rtti_impl.o(.ARM.exidx) refers to lib_rtti_impl.o(i._ZN10__cxxabiv120__si_class_type_infoD1Ev) for i._ZN10__cxxabiv120__si_class_type_infoD1Ev
    lib_rtti_impl.o(.ARM.exidx) refers to lib_rtti_impl.o(i._ZN10__cxxabiv120__si_class_type_infoD0Ev) for i._ZN10__cxxabiv120__si_class_type_infoD0Ev
    lib_rtti_impl.o(.ARM.exidx) refers to lib_rtti_impl.o(i._ZN10__cxxabiv121__vmi_class_type_infoD1Ev) for i._ZN10__cxxabiv121__vmi_class_type_infoD1Ev
    lib_rtti_impl.o(.ARM.exidx) refers to lib_rtti_impl.o(i._ZN10__cxxabiv121__vmi_class_type_infoD0Ev) for i._ZN10__cxxabiv121__vmi_class_type_infoD0Ev
    lib_rtti_impl.o(.ARM.exidx) refers to lib_rtti_impl.o(i._ZN10__cxxabiv117__pbase_type_infoD1Ev) for i._ZN10__cxxabiv117__pbase_type_infoD1Ev
    lib_rtti_impl.o(.ARM.exidx) refers to lib_rtti_impl.o(i._ZN10__cxxabiv117__pbase_type_infoD0Ev) for i._ZN10__cxxabiv117__pbase_type_infoD0Ev
    lib_rtti_impl.o(.ARM.exidx) refers to lib_rtti_impl.o(i._ZN10__cxxabiv119__pointer_type_infoD1Ev) for i._ZN10__cxxabiv119__pointer_type_infoD1Ev
    lib_rtti_impl.o(.ARM.exidx) refers to lib_rtti_impl.o(i._ZN10__cxxabiv119__pointer_type_infoD0Ev) for i._ZN10__cxxabiv119__pointer_type_infoD0Ev
    lib_rtti_impl.o(.ARM.exidx) refers to lib_rtti_impl.o(i._ZN10__cxxabiv129__pointer_to_member_type_infoD1Ev) for i._ZN10__cxxabiv129__pointer_to_member_type_infoD1Ev
    lib_rtti_impl.o(.ARM.exidx) refers to lib_rtti_impl.o(i._ZN10__cxxabiv129__pointer_to_member_type_infoD0Ev) for i._ZN10__cxxabiv129__pointer_to_member_type_infoD0Ev
    rtentry.o(.ARM.Collect$$rtentry$$00000000) refers (Special) to rtentry2.o(.ARM.Collect$$rtentry$$0000000A) for __rt_entry_li
    rtentry.o(.ARM.Collect$$rtentry$$00000000) refers (Special) to rtentry2.o(.ARM.Collect$$rtentry$$0000000D) for __rt_entry_main
    rtentry.o(.ARM.Collect$$rtentry$$00000000) refers (Special) to rtentry2.o(.ARM.Collect$$rtentry$$0000000C) for __rt_entry_postli_1
    rtentry.o(.ARM.Collect$$rtentry$$00000000) refers (Special) to rtentry2.o(.ARM.Collect$$rtentry$$00000009) for __rt_entry_postsh_1
    rtentry.o(.ARM.Collect$$rtentry$$00000000) refers (Special) to rtentry2.o(.ARM.Collect$$rtentry$$00000002) for __rt_entry_presh_1
    rtentry.o(.ARM.Collect$$rtentry$$00000000) refers (Special) to rtentry4.o(.ARM.Collect$$rtentry$$00000004) for __rt_entry_sh
    libinit2.o(.ARM.Collect$$libinit$$00000001) refers to fpinit.o(x$fpl$fpinit) for _fp_init
    libinit2.o(.ARM.Collect$$libinit$$0000000E) refers to libinit2.o(.ARM.Collect$$libinit$$0000000D) for .ARM.Collect$$libinit$$0000000D
    libinit2.o(.ARM.Collect$$libinit$$00000010) refers to libinit2.o(.ARM.Collect$$libinit$$0000000D) for .ARM.Collect$$libinit$$0000000D
    libinit2.o(.ARM.Collect$$libinit$$00000012) refers to libinit2.o(.ARM.Collect$$libinit$$0000000D) for .ARM.Collect$$libinit$$0000000D
    libinit2.o(.ARM.Collect$$libinit$$00000014) refers to libinit2.o(.ARM.Collect$$libinit$$0000000D) for .ARM.Collect$$libinit$$0000000D
    libinit2.o(.ARM.Collect$$libinit$$00000016) refers to libinit2.o(.ARM.Collect$$libinit$$0000000D) for .ARM.Collect$$libinit$$0000000D
    libinit2.o(.ARM.Collect$$libinit$$00000024) refers to argv_veneer.o(.emb_text) for __ARM_argv_veneer
    libinit2.o(.ARM.Collect$$libinit$$00000025) refers to argv_veneer.o(.emb_text) for __ARM_argv_veneer
    libinit2.o(.ARM.Collect$$libinit$$0000002F) refers (Weak) to init_aeabi.o(.text) for __cpp_initialize__aeabi_
    type_info_dtor.o(.ARM.exidx) refers to type_info_dtor.o(i._ZNSt9type_infoD1Ev) for i._ZNSt9type_infoD1Ev
    type_info_dtor.o(.ARM.exidx) refers to type_info_dtor.o(i._ZNSt9type_infoD0Ev) for i._ZNSt9type_infoD0Ev
    rtentry2.o(.ARM.Collect$$rtentry$$00000008) refers to boardinit2.o(.text) for _platform_post_stackheap_init
    rtentry2.o(.ARM.Collect$$rtentry$$0000000A) refers to libinit.o(.ARM.Collect$$libinit$$00000000) for __rt_lib_init
    rtentry2.o(.ARM.Collect$$rtentry$$0000000B) refers to boardinit3.o(.text) for _platform_post_lib_init
    rtentry2.o(.ARM.Collect$$rtentry$$0000000D) refers to exit.o(.text) for exit
    rtentry2.o(.ARM.Collect$$rtentry$$0000000D) refers to main.o(.text) for main
    rtentry2.o(.ARM.exidx) refers to rtentry2.o(.ARM.Collect$$rtentry$$00000001) for .ARM.Collect$$rtentry$$00000001
    rtentry2.o(.ARM.exidx) refers to rtentry2.o(.ARM.Collect$$rtentry$$00000008) for .ARM.Collect$$rtentry$$00000008
    rtentry2.o(.ARM.exidx) refers to rtentry2.o(.ARM.Collect$$rtentry$$0000000A) for .ARM.Collect$$rtentry$$0000000A
    rtentry2.o(.ARM.exidx) refers to rtentry2.o(.ARM.Collect$$rtentry$$0000000B) for .ARM.Collect$$rtentry$$0000000B
    rtentry2.o(.ARM.exidx) refers to rtentry2.o(.ARM.Collect$$rtentry$$0000000D) for .ARM.Collect$$rtentry$$0000000D
    rtentry4.o(.ARM.Collect$$rtentry$$00000004) refers to sys_stackheap_outer.o(.text) for __user_setup_stackheap
    rtentry4.o(.ARM.exidx) refers to rtentry4.o(.ARM.Collect$$rtentry$$00000004) for .ARM.Collect$$rtentry$$00000004
    argv_veneer.o(.emb_text) refers to no_argv.o(.text) for __ARM_get_argv
    sys_stackheap_outer.o(.text) refers to libspace.o(.text) for __user_perproc_libspace
    sys_stackheap_outer.o(.text) refers to startup.o(.text) for __user_initial_stackheap
    exit.o(.text) refers to rtexit.o(.ARM.Collect$$rtexit$$00000000) for __rt_exit
    _get_argv_nomalloc.o(.text) refers (Special) to hrguard.o(.text) for __heap_region$guard
    _get_argv_nomalloc.o(.text) refers to defsig_rtmem_outer.o(.text) for __rt_SIGRTMEM
    _get_argv_nomalloc.o(.text) refers to sys_command.o(.text) for _sys_command_string
    libinit.o(.ARM.Collect$$libinit$$00000000) refers (Special) to libinit2.o(.ARM.Collect$$libinit$$0000002C) for __rt_lib_init_alloca_1
    libinit.o(.ARM.Collect$$libinit$$00000000) refers (Special) to libinit2.o(.ARM.Collect$$libinit$$0000002A) for __rt_lib_init_argv_1
    libinit.o(.ARM.Collect$$libinit$$00000000) refers (Special) to libinit2.o(.ARM.Collect$$libinit$$00000019) for __rt_lib_init_atexit_1
    libinit.o(.ARM.Collect$$libinit$$00000000) refers (Special) to libinit2.o(.ARM.Collect$$libinit$$0000001F) for __rt_lib_init_clock_1
    libinit.o(.ARM.Collect$$libinit$$00000000) refers (Special) to libinit2.o(.ARM.Collect$$libinit$$00000030) for __rt_lib_init_cpp_1
    libinit.o(.ARM.Collect$$libinit$$00000000) refers (Special) to libinit2.o(.ARM.Collect$$libinit$$0000002E) for __rt_lib_init_exceptions_1
    libinit.o(.ARM.Collect$$libinit$$00000000) refers (Special) to libinit2.o(.ARM.Collect$$libinit$$00000002) for __rt_lib_init_fp_1
    libinit.o(.ARM.Collect$$libinit$$00000000) refers (Special) to libinit2.o(.ARM.Collect$$libinit$$0000001D) for __rt_lib_init_fp_trap_1
    libinit.o(.ARM.Collect$$libinit$$00000000) refers (Special) to libinit2.o(.ARM.Collect$$libinit$$00000021) for __rt_lib_init_getenv_1
    libinit.o(.ARM.Collect$$libinit$$00000000) refers (Special) to libinit2.o(.ARM.Collect$$libinit$$00000008) for __rt_lib_init_heap_1
    libinit.o(.ARM.Collect$$libinit$$00000000) refers (Special) to libinit2.o(.ARM.Collect$$libinit$$0000000F) for __rt_lib_init_lc_collate_1
    libinit.o(.ARM.Collect$$libinit$$00000000) refers (Special) to libinit2.o(.ARM.Collect$$libinit$$00000011) for __rt_lib_init_lc_ctype_1
    libinit.o(.ARM.Collect$$libinit$$00000000) refers (Special) to libinit2.o(.ARM.Collect$$libinit$$00000013) for __rt_lib_init_lc_monetary_1
    libinit.o(.ARM.Collect$$libinit$$00000000) refers (Special) to libinit2.o(.ARM.Collect$$libinit$$00000015) for __rt_lib_init_lc_numeric_1
    libinit.o(.ARM.Collect$$libinit$$00000000) refers (Special) to libinit2.o(.ARM.Collect$$libinit$$00000017) for __rt_lib_init_lc_time_1
    libinit.o(.ARM.Collect$$libinit$$00000000) refers (Special) to libinit2.o(.ARM.Collect$$libinit$$0000000C) for __rt_lib_init_rand_1
    libinit.o(.ARM.Collect$$libinit$$00000000) refers (Special) to libinit2.o(.ARM.Collect$$libinit$$00000031) for __rt_lib_init_return
    libinit.o(.ARM.Collect$$libinit$$00000000) refers (Special) to libinit2.o(.ARM.Collect$$libinit$$0000001B) for __rt_lib_init_signal_1
    libinit.o(.ARM.Collect$$libinit$$00000000) refers (Special) to libinit2.o(.ARM.Collect$$libinit$$00000023) for __rt_lib_init_stdio_1
    libinit.o(.ARM.Collect$$libinit$$00000000) refers (Special) to libinit2.o(.ARM.Collect$$libinit$$0000000A) for __rt_lib_init_user_alloc_1
    sys_command.o(.text) refers (Special) to use_no_semi.o(.text) for __I$use$semihosting
    sys_command.o(.text) refers (Special) to indicate_semi.o(.text) for __semihosting_library_function
    libspace.o(.text) refers to libspace.o(.bss) for __libspace_start
    rtexit.o(.ARM.Collect$$rtexit$$00000000) refers (Special) to rtexit2.o(.ARM.Collect$$rtexit$$00000004) for __rt_exit_exit
    rtexit.o(.ARM.Collect$$rtexit$$00000000) refers (Special) to rtexit2.o(.ARM.Collect$$rtexit$$00000003) for __rt_exit_ls
    rtexit.o(.ARM.Collect$$rtexit$$00000000) refers (Special) to rtexit2.o(.ARM.Collect$$rtexit$$00000002) for __rt_exit_prels_1
    rtexit.o(.ARM.exidx) refers (Special) to rtexit2.o(.ARM.Collect$$rtexit$$00000004) for __rt_exit_exit
    rtexit.o(.ARM.exidx) refers (Special) to rtexit2.o(.ARM.Collect$$rtexit$$00000003) for __rt_exit_ls
    rtexit.o(.ARM.exidx) refers (Special) to rtexit2.o(.ARM.Collect$$rtexit$$00000002) for __rt_exit_prels_1
    rtexit.o(.ARM.exidx) refers to rtexit.o(.ARM.Collect$$rtexit$$00000000) for .ARM.Collect$$rtexit$$00000000
    defsig_rtmem_outer.o(.text) refers to defsig_rtmem_inner.o(.text) for __rt_SIGRTMEM_inner
    defsig_rtmem_outer.o(.text) refers to defsig_exit.o(.text) for __sig_exit
    defsig_rtmem_formal.o(.text) refers to rt_raise.o(.text) for __rt_raise
    rtexit2.o(.ARM.Collect$$rtexit$$00000003) refers to libshutdown.o(.ARM.Collect$$libshutdown$$00000000) for __rt_lib_shutdown
    rtexit2.o(.ARM.Collect$$rtexit$$00000004) refers to sys_exit.o(.text) for _sys_exit
    rtexit2.o(.ARM.exidx) refers to rtexit2.o(.ARM.Collect$$rtexit$$00000001) for .ARM.Collect$$rtexit$$00000001
    rtexit2.o(.ARM.exidx) refers to rtexit2.o(.ARM.Collect$$rtexit$$00000003) for .ARM.Collect$$rtexit$$00000003
    rtexit2.o(.ARM.exidx) refers to rtexit2.o(.ARM.Collect$$rtexit$$00000004) for .ARM.Collect$$rtexit$$00000004
    rt_raise.o(.text) refers to __raise.o(.text) for __raise
    rt_raise.o(.text) refers to sys_exit.o(.text) for _sys_exit
    defsig_exit.o(.text) refers to sys_exit.o(.text) for _sys_exit
    defsig_rtmem_inner.o(.text) refers to defsig_general.o(.text) for __default_signal_display
    sys_exit.o(.text) refers (Special) to use_no_semi.o(.text) for __I$use$semihosting
    sys_exit.o(.text) refers (Special) to indicate_semi.o(.text) for __semihosting_library_function
    __raise.o(.text) refers to __raise.o(i.__ARM_common_call_via_r2) for __ARM_common_call_via_r2
    __raise.o(.text) refers to defsig.o(CL$$defsig) for __default_signal_handler
    defsig_general.o(.text) refers to sys_wrch.o(.text) for _ttywrch
    libshutdown.o(.ARM.Collect$$libshutdown$$00000000) refers (Special) to libshutdown2.o(.ARM.Collect$$libshutdown$$00000006) for __rt_lib_shutdown_fp_trap_1
    libshutdown.o(.ARM.Collect$$libshutdown$$00000000) refers (Special) to libshutdown2.o(.ARM.Collect$$libshutdown$$0000000E) for __rt_lib_shutdown_heap_1
    libshutdown.o(.ARM.Collect$$libshutdown$$00000000) refers (Special) to libshutdown2.o(.ARM.Collect$$libshutdown$$0000000F) for __rt_lib_shutdown_return
    libshutdown.o(.ARM.Collect$$libshutdown$$00000000) refers (Special) to libshutdown2.o(.ARM.Collect$$libshutdown$$00000009) for __rt_lib_shutdown_signal_1
    libshutdown.o(.ARM.Collect$$libshutdown$$00000000) refers (Special) to libshutdown2.o(.ARM.Collect$$libshutdown$$00000003) for __rt_lib_shutdown_stdio_1
    libshutdown.o(.ARM.Collect$$libshutdown$$00000000) refers (Special) to libshutdown2.o(.ARM.Collect$$libshutdown$$0000000B) for __rt_lib_shutdown_user_alloc_1
    sys_wrch.o(.text) refers (Special) to use_no_semi.o(.text) for __I$use$semihosting
    sys_wrch.o(.text) refers (Special) to indicate_semi.o(.text) for __semihosting_library_function
    defsig.o(CL$$defsig) refers to defsig_rtmem_inner.o(.text) for __rt_SIGRTMEM_inner
    defsig_abrt_inner.o(.text) refers to defsig_general.o(.text) for __default_signal_display
    defsig_fpe_inner.o(.text) refers to defsig_general.o(.text) for __default_signal_display
    defsig_rtred_inner.o(.text) refers to defsig_general.o(.text) for __default_signal_display
    defsig_stak_inner.o(.text) refers to defsig_general.o(.text) for __default_signal_display
    defsig_pvfn_inner.o(.text) refers to defsig_general.o(.text) for __default_signal_display
    defsig_cppl_inner.o(.text) refers to defsig_general.o(.text) for __default_signal_display
    defsig_segv_inner.o(.text) refers to defsig_general.o(.text) for __default_signal_display
    defsig_other.o(.text) refers to defsig_general.o(.text) for __default_signal_display
    led.o(.constdata__ZTV3Led) refers to led.o(.constdata__ZTI3Led) for typeinfo for Led
    led.o(.constdata__ZTV3Led) refers to led.o(.text) for Led::On(unsigned char)
    led.o(.constdata__ZTI3Led) refers to lib_rtti_impl.o(.constdata__ZTVN10__cxxabiv117__class_type_infoE) for vtable for __cxxabiv1::__class_type_info
    led.o(.constdata__ZTI3Led) refers to led.o(.constdata__ZTS3Led) for typeinfo name for Led
    ledinv.o(.constdata__ZTV6LedInv) refers to ledinv.o(.constdata__ZTI6LedInv) for typeinfo for LedInv
    ledinv.o(.constdata__ZTV6LedInv) refers to ledinv.o(.text) for LedInv::On(unsigned char)
    ledinv.o(.constdata__ZTI6LedInv) refers to lib_rtti_impl.o(.constdata__ZTVN10__cxxabiv120__si_class_type_infoE) for vtable for __cxxabiv1::__si_class_type_info
    ledinv.o(.constdata__ZTI6LedInv) refers to ledinv.o(.constdata__ZTS6LedInv) for typeinfo name for LedInv
    ledinv.o(.constdata__ZTI6LedInv) refers to led.o(.constdata__ZTI3Led) for typeinfo for Led
    init_aeabi.o(i.__ARM_common_call_via_r0) refers (Special) to libinit2.o(.ARM.Collect$$libinit$$0000002F) for __rt_lib_init_cpp_2
    init_aeabi.o(.ARM.exidx) refers (Special) to libinit2.o(.ARM.Collect$$libinit$$0000002F) for __rt_lib_init_cpp_2
    init_aeabi.o(.ARM.exidx) refers to init_aeabi.o(i.__ARM_common_call_via_r0) for i.__ARM_common_call_via_r0
    lib_rtti_impl.o(.constdata__ZTVN10__cxxabiv123__fundamental_type_infoE) refers to lib_rtti_impl.o(.constdata__ZTIN10__cxxabiv123__fundamental_type_infoE) for typeinfo for __cxxabiv1::__fundamental_type_info
    lib_rtti_impl.o(.constdata__ZTVN10__cxxabiv123__fundamental_type_infoE) refers to lib_rtti_impl.o(i._ZN10__cxxabiv123__fundamental_type_infoD1Ev) for __cxxabiv1::__fundamental_type_info::~__fundamental_type_info()
    lib_rtti_impl.o(.constdata__ZTVN10__cxxabiv123__fundamental_type_infoE) refers to lib_rtti_impl.o(i._ZN10__cxxabiv123__fundamental_type_infoD0Ev) for __cxxabiv1::__fundamental_type_info::~__fundamental_type_info__deallocating()
    lib_rtti_impl.o(.constdata__ZTVN10__cxxabiv117__array_type_infoE) refers to lib_rtti_impl.o(.constdata__ZTIN10__cxxabiv117__array_type_infoE) for typeinfo for __cxxabiv1::__array_type_info
    lib_rtti_impl.o(.constdata__ZTVN10__cxxabiv117__array_type_infoE) refers to lib_rtti_impl.o(i._ZN10__cxxabiv117__array_type_infoD1Ev) for __cxxabiv1::__array_type_info::~__array_type_info()
    lib_rtti_impl.o(.constdata__ZTVN10__cxxabiv117__array_type_infoE) refers to lib_rtti_impl.o(i._ZN10__cxxabiv117__array_type_infoD0Ev) for __cxxabiv1::__array_type_info::~__array_type_info__deallocating()
    lib_rtti_impl.o(.constdata__ZTVN10__cxxabiv120__function_type_infoE) refers to lib_rtti_impl.o(.constdata__ZTIN10__cxxabiv120__function_type_infoE) for typeinfo for __cxxabiv1::__function_type_info
    lib_rtti_impl.o(.constdata__ZTVN10__cxxabiv120__function_type_infoE) refers to lib_rtti_impl.o(i._ZN10__cxxabiv120__function_type_infoD1Ev) for __cxxabiv1::__function_type_info::~__function_type_info()
    lib_rtti_impl.o(.constdata__ZTVN10__cxxabiv120__function_type_infoE) refers to lib_rtti_impl.o(i._ZN10__cxxabiv120__function_type_infoD0Ev) for __cxxabiv1::__function_type_info::~__function_type_info__deallocating()
    lib_rtti_impl.o(.constdata__ZTVN10__cxxabiv116__enum_type_infoE) refers to lib_rtti_impl.o(.constdata__ZTIN10__cxxabiv116__enum_type_infoE) for typeinfo for __cxxabiv1::__enum_type_info
    lib_rtti_impl.o(.constdata__ZTVN10__cxxabiv116__enum_type_infoE) refers to lib_rtti_impl.o(i._ZN10__cxxabiv116__enum_type_infoD1Ev) for __cxxabiv1::__enum_type_info::~__enum_type_info()
    lib_rtti_impl.o(.constdata__ZTVN10__cxxabiv116__enum_type_infoE) refers to lib_rtti_impl.o(i._ZN10__cxxabiv116__enum_type_infoD0Ev) for __cxxabiv1::__enum_type_info::~__enum_type_info__deallocating()
    lib_rtti_impl.o(.constdata__ZTVN10__cxxabiv117__class_type_infoE) refers to lib_rtti_impl.o(.constdata__ZTIN10__cxxabiv117__class_type_infoE) for typeinfo for __cxxabiv1::__class_type_info
    lib_rtti_impl.o(.constdata__ZTVN10__cxxabiv117__class_type_infoE) refers to lib_rtti_impl.o(i._ZN10__cxxabiv117__class_type_infoD1Ev) for __cxxabiv1::__class_type_info::~__class_type_info()
    lib_rtti_impl.o(.constdata__ZTVN10__cxxabiv117__class_type_infoE) refers to lib_rtti_impl.o(i._ZN10__cxxabiv117__class_type_infoD0Ev) for __cxxabiv1::__class_type_info::~__class_type_info__deallocating()
    lib_rtti_impl.o(.constdata__ZTVN10__cxxabiv120__si_class_type_infoE) refers to lib_rtti_impl.o(.constdata__ZTIN10__cxxabiv120__si_class_type_infoE) for typeinfo for __cxxabiv1::__si_class_type_info
    lib_rtti_impl.o(.constdata__ZTVN10__cxxabiv120__si_class_type_infoE) refers to lib_rtti_impl.o(i._ZN10__cxxabiv120__si_class_type_infoD1Ev) for __cxxabiv1::__si_class_type_info::~__si_class_type_info()
    lib_rtti_impl.o(.constdata__ZTVN10__cxxabiv120__si_class_type_infoE) refers to lib_rtti_impl.o(i._ZN10__cxxabiv120__si_class_type_infoD0Ev) for __cxxabiv1::__si_class_type_info::~__si_class_type_info__deallocating()
    lib_rtti_impl.o(.constdata__ZTVN10__cxxabiv121__vmi_class_type_infoE) refers to lib_rtti_impl.o(.constdata__ZTIN10__cxxabiv121__vmi_class_type_infoE) for typeinfo for __cxxabiv1::__vmi_class_type_info
    lib_rtti_impl.o(.constdata__ZTVN10__cxxabiv121__vmi_class_type_infoE) refers to lib_rtti_impl.o(i._ZN10__cxxabiv121__vmi_class_type_infoD1Ev) for __cxxabiv1::__vmi_class_type_info::~__vmi_class_type_info()
    lib_rtti_impl.o(.constdata__ZTVN10__cxxabiv121__vmi_class_type_infoE) refers to lib_rtti_impl.o(i._ZN10__cxxabiv121__vmi_class_type_infoD0Ev) for __cxxabiv1::__vmi_class_type_info::~__vmi_class_type_info__deallocating()
    lib_rtti_impl.o(.constdata__ZTVN10__cxxabiv117__pbase_type_infoE) refers to lib_rtti_impl.o(.constdata__ZTIN10__cxxabiv117__pbase_type_infoE) for typeinfo for __cxxabiv1::__pbase_type_info
    lib_rtti_impl.o(.constdata__ZTVN10__cxxabiv117__pbase_type_infoE) refers to lib_rtti_impl.o(i._ZN10__cxxabiv117__pbase_type_infoD1Ev) for __cxxabiv1::__pbase_type_info::~__pbase_type_info()
    lib_rtti_impl.o(.constdata__ZTVN10__cxxabiv117__pbase_type_infoE) refers to lib_rtti_impl.o(i._ZN10__cxxabiv117__pbase_type_infoD0Ev) for __cxxabiv1::__pbase_type_info::~__pbase_type_info__deallocating()
    lib_rtti_impl.o(.constdata__ZTVN10__cxxabiv119__pointer_type_infoE) refers to lib_rtti_impl.o(.constdata__ZTIN10__cxxabiv119__pointer_type_infoE) for typeinfo for __cxxabiv1::__pointer_type_info
    lib_rtti_impl.o(.constdata__ZTVN10__cxxabiv119__pointer_type_infoE) refers to lib_rtti_impl.o(i._ZN10__cxxabiv119__pointer_type_infoD1Ev) for __cxxabiv1::__pointer_type_info::~__pointer_type_info()
    lib_rtti_impl.o(.constdata__ZTVN10__cxxabiv119__pointer_type_infoE) refers to lib_rtti_impl.o(i._ZN10__cxxabiv119__pointer_type_infoD0Ev) for __cxxabiv1::__pointer_type_info::~__pointer_type_info__deallocating()
    lib_rtti_impl.o(.constdata__ZTVN10__cxxabiv129__pointer_to_member_type_infoE) refers to lib_rtti_impl.o(.constdata__ZTIN10__cxxabiv129__pointer_to_member_type_infoE) for typeinfo for __cxxabiv1::__pointer_to_member_type_info
    lib_rtti_impl.o(.constdata__ZTVN10__cxxabiv129__pointer_to_member_type_infoE) refers to lib_rtti_impl.o(i._ZN10__cxxabiv129__pointer_to_member_type_infoD1Ev) for __cxxabiv1::__pointer_to_member_type_info::~__pointer_to_member_type_info()
    lib_rtti_impl.o(.constdata__ZTVN10__cxxabiv129__pointer_to_member_type_infoE) refers to lib_rtti_impl.o(i._ZN10__cxxabiv129__pointer_to_member_type_infoD0Ev) for __cxxabiv1::__pointer_to_member_type_info::~__pointer_to_member_type_info__deallocating()
    lib_rtti_impl.o(.constdata__ZTIN10__cxxabiv123__fundamental_type_infoE) refers to lib_rtti_impl.o(.constdata__ZTVN10__cxxabiv120__si_class_type_infoE) for vtable for __cxxabiv1::__si_class_type_info
    lib_rtti_impl.o(.constdata__ZTIN10__cxxabiv123__fundamental_type_infoE) refers to lib_rtti_impl.o(.constdata__ZTSN10__cxxabiv123__fundamental_type_infoE) for typeinfo name for __cxxabiv1::__fundamental_type_info
    lib_rtti_impl.o(.constdata__ZTIN10__cxxabiv123__fundamental_type_infoE) refers to type_info_dtor.o(.constdata__ZTISt9type_info) for typeinfo for std::type_info
    lib_rtti_impl.o(.constdata__ZTIN10__cxxabiv117__array_type_infoE) refers to lib_rtti_impl.o(.constdata__ZTVN10__cxxabiv120__si_class_type_infoE) for vtable for __cxxabiv1::__si_class_type_info
    lib_rtti_impl.o(.constdata__ZTIN10__cxxabiv117__array_type_infoE) refers to lib_rtti_impl.o(.constdata__ZTSN10__cxxabiv117__array_type_infoE) for typeinfo name for __cxxabiv1::__array_type_info
    lib_rtti_impl.o(.constdata__ZTIN10__cxxabiv117__array_type_infoE) refers to type_info_dtor.o(.constdata__ZTISt9type_info) for typeinfo for std::type_info
    lib_rtti_impl.o(.constdata__ZTIN10__cxxabiv120__function_type_infoE) refers to lib_rtti_impl.o(.constdata__ZTVN10__cxxabiv120__si_class_type_infoE) for vtable for __cxxabiv1::__si_class_type_info
    lib_rtti_impl.o(.constdata__ZTIN10__cxxabiv120__function_type_infoE) refers to lib_rtti_impl.o(.constdata__ZTSN10__cxxabiv120__function_type_infoE) for typeinfo name for __cxxabiv1::__function_type_info
    lib_rtti_impl.o(.constdata__ZTIN10__cxxabiv120__function_type_infoE) refers to type_info_dtor.o(.constdata__ZTISt9type_info) for typeinfo for std::type_info
    lib_rtti_impl.o(.constdata__ZTIN10__cxxabiv116__enum_type_infoE) refers to lib_rtti_impl.o(.constdata__ZTVN10__cxxabiv120__si_class_type_infoE) for vtable for __cxxabiv1::__si_class_type_info
    lib_rtti_impl.o(.constdata__ZTIN10__cxxabiv116__enum_type_infoE) refers to lib_rtti_impl.o(.constdata__ZTSN10__cxxabiv116__enum_type_infoE) for typeinfo name for __cxxabiv1::__enum_type_info
    lib_rtti_impl.o(.constdata__ZTIN10__cxxabiv116__enum_type_infoE) refers to type_info_dtor.o(.constdata__ZTISt9type_info) for typeinfo for std::type_info
    lib_rtti_impl.o(.constdata__ZTIN10__cxxabiv117__class_type_infoE) refers to lib_rtti_impl.o(.constdata__ZTVN10__cxxabiv120__si_class_type_infoE) for vtable for __cxxabiv1::__si_class_type_info
    lib_rtti_impl.o(.constdata__ZTIN10__cxxabiv117__class_type_infoE) refers to lib_rtti_impl.o(.constdata__ZTSN10__cxxabiv117__class_type_infoE) for typeinfo name for __cxxabiv1::__class_type_info
    lib_rtti_impl.o(.constdata__ZTIN10__cxxabiv117__class_type_infoE) refers to type_info_dtor.o(.constdata__ZTISt9type_info) for typeinfo for std::type_info
    lib_rtti_impl.o(.constdata__ZTIN10__cxxabiv120__si_class_type_infoE) refers to lib_rtti_impl.o(.constdata__ZTVN10__cxxabiv120__si_class_type_infoE) for vtable for __cxxabiv1::__si_class_type_info
    lib_rtti_impl.o(.constdata__ZTIN10__cxxabiv120__si_class_type_infoE) refers to lib_rtti_impl.o(.constdata__ZTSN10__cxxabiv120__si_class_type_infoE) for typeinfo name for __cxxabiv1::__si_class_type_info
    lib_rtti_impl.o(.constdata__ZTIN10__cxxabiv120__si_class_type_infoE) refers to lib_rtti_impl.o(.constdata__ZTIN10__cxxabiv117__class_type_infoE) for typeinfo for __cxxabiv1::__class_type_info
    lib_rtti_impl.o(.constdata__ZTIN10__cxxabiv121__vmi_class_type_infoE) refers to lib_rtti_impl.o(.constdata__ZTVN10__cxxabiv120__si_class_type_infoE) for vtable for __cxxabiv1::__si_class_type_info
    lib_rtti_impl.o(.constdata__ZTIN10__cxxabiv121__vmi_class_type_infoE) refers to lib_rtti_impl.o(.constdata__ZTSN10__cxxabiv121__vmi_class_type_infoE) for typeinfo name for __cxxabiv1::__vmi_class_type_info
    lib_rtti_impl.o(.constdata__ZTIN10__cxxabiv121__vmi_class_type_infoE) refers to lib_rtti_impl.o(.constdata__ZTIN10__cxxabiv117__class_type_infoE) for typeinfo for __cxxabiv1::__class_type_info
    lib_rtti_impl.o(.constdata__ZTIN10__cxxabiv117__pbase_type_infoE) refers to lib_rtti_impl.o(.constdata__ZTVN10__cxxabiv120__si_class_type_infoE) for vtable for __cxxabiv1::__si_class_type_info
    lib_rtti_impl.o(.constdata__ZTIN10__cxxabiv117__pbase_type_infoE) refers to lib_rtti_impl.o(.constdata__ZTSN10__cxxabiv117__pbase_type_infoE) for typeinfo name for __cxxabiv1::__pbase_type_info
    lib_rtti_impl.o(.constdata__ZTIN10__cxxabiv117__pbase_type_infoE) refers to type_info_dtor.o(.constdata__ZTISt9type_info) for typeinfo for std::type_info
    lib_rtti_impl.o(.constdata__ZTIN10__cxxabiv119__pointer_type_infoE) refers to lib_rtti_impl.o(.constdata__ZTVN10__cxxabiv120__si_class_type_infoE) for vtable for __cxxabiv1::__si_class_type_info
    lib_rtti_impl.o(.constdata__ZTIN10__cxxabiv119__pointer_type_infoE) refers to lib_rtti_impl.o(.constdata__ZTSN10__cxxabiv119__pointer_type_infoE) for typeinfo name for __cxxabiv1::__pointer_type_info
    lib_rtti_impl.o(.constdata__ZTIN10__cxxabiv119__pointer_type_infoE) refers to lib_rtti_impl.o(.constdata__ZTIN10__cxxabiv117__pbase_type_infoE) for typeinfo for __cxxabiv1::__pbase_type_info
    lib_rtti_impl.o(.constdata__ZTIN10__cxxabiv129__pointer_to_member_type_infoE) refers to lib_rtti_impl.o(.constdata__ZTVN10__cxxabiv120__si_class_type_infoE) for vtable for __cxxabiv1::__si_class_type_info
    lib_rtti_impl.o(.constdata__ZTIN10__cxxabiv129__pointer_to_member_type_infoE) refers to lib_rtti_impl.o(.constdata__ZTSN10__cxxabiv129__pointer_to_member_type_infoE) for typeinfo name for __cxxabiv1::__pointer_to_member_type_info
    lib_rtti_impl.o(.constdata__ZTIN10__cxxabiv129__pointer_to_member_type_infoE) refers to lib_rtti_impl.o(.constdata__ZTIN10__cxxabiv117__pbase_type_infoE) for typeinfo for __cxxabiv1::__pbase_type_info
    type_info_dtor.o(.constdata__ZTVSt9type_info) refers to type_info_dtor.o(.constdata__ZTISt9type_info) for typeinfo for std::type_info
    type_info_dtor.o(.constdata__ZTVSt9type_info) refers to type_info_dtor.o(i._ZNSt9type_infoD1Ev) for std::type_info::~type_info()
    type_info_dtor.o(.constdata__ZTVSt9type_info) refers to type_info_dtor.o(i._ZNSt9type_infoD0Ev) for std::type_info::~type_info__deallocating()
    type_info_dtor.o(.constdata__ZTISt9type_info) refers to lib_rtti_impl.o(.constdata__ZTVN10__cxxabiv117__class_type_infoE) for vtable for __cxxabiv1::__class_type_info
    type_info_dtor.o(.constdata__ZTISt9type_info) refers to type_info_dtor.o(.constdata__ZTSSt9type_info) for typeinfo name for std::type_info


==============================================================================

Removing Unused input sections from the image.

    Removing main.o(.ARM.exidx), (8 bytes).
    Removing led.o(.ARM.exidx), (8 bytes).
    Removing stepper.o(.ARM.exidx), (8 bytes).
    Removing ledinv.o(.ARM.exidx), (8 bytes).
    Removing keyboard.o(.ARM.exidx), (8 bytes).
    Removing led.o(.constdata__ZTI3Led), (8 bytes).
    Removing led.o(.constdata__ZTS3Led), (5 bytes).
    Removing ledinv.o(.constdata__ZTI6LedInv), (12 bytes).
    Removing ledinv.o(.constdata__ZTS6LedInv), (8 bytes).

9 unused section(s) (total 73 bytes) removed from the image.

==============================================================================

Adding Veneers to the image

    Adding AT veneer (8 bytes, Inline) for call to '__rt_lib_init' from rtentry2.o(.ARM.Collect$$rtentry$$0000000A).
    Adding AT veneer (8 bytes, Inline) for call to '__rt_lib_shutdown' from rtexit2.o(.ARM.Collect$$rtexit$$00000003).
    Adding TA veneer (4 bytes, Inline) for call to '__rt_exit' from exit.o(.text).
    Adding AT veneer (8 bytes, Inline) for call to '_sys_exit' from rtexit2.o(.ARM.Collect$$rtexit$$00000004).

4 Veneer(s) (total 28 bytes) added to the image.

==============================================================================

Image Symbol Table

    Local Symbols

    Symbol Name                              Value     Ov Type        Size  Object(Section)

    RESET                                    0x00000000   Section      272  startup.o(RESET)
    ../../../edgfe/lib_src/typeinfo.c        0x00000000   Number         0  lib_rtti_impl.o ABSOLUTE
    ../../../edgfe/lib_src/typeinfo.c        0x00000000   Number         0  type_info_dtor.o ABSOLUTE
    ../clib/angel/boardlib.s                 0x00000000   Number         0  boardshut.o ABSOLUTE
    ../clib/angel/boardlib.s                 0x00000000   Number         0  boardinit1.o ABSOLUTE
    ../clib/angel/boardlib.s                 0x00000000   Number         0  boardinit2.o ABSOLUTE
    ../clib/angel/boardlib.s                 0x00000000   Number         0  boardinit3.o ABSOLUTE
    ../clib/angel/handlers.s                 0x00000000   Number         0  __scatter_zi.o ABSOLUTE
    ../clib/angel/handlers.s                 0x00000000   Number         0  __scatter_copy.o ABSOLUTE
    ../clib/angel/kernel.s                   0x00000000   Number         0  rtentry.o ABSOLUTE
    ../clib/angel/kernel.s                   0x00000000   Number         0  rtentry4.o ABSOLUTE
    ../clib/angel/kernel.s                   0x00000000   Number         0  rtentry2.o ABSOLUTE
    ../clib/angel/kernel.s                   0x00000000   Number         0  rtexit2.o ABSOLUTE
    ../clib/angel/kernel.s                   0x00000000   Number         0  rtexit.o ABSOLUTE
    ../clib/angel/rt.s                       0x00000000   Number         0  rt_raise.o ABSOLUTE
    ../clib/angel/scatter.s                  0x00000000   Number         0  __scatter.o ABSOLUTE
    ../clib/angel/startup.s                  0x00000000   Number         0  __main.o ABSOLUTE
    ../clib/angel/sys.s                      0x00000000   Number         0  use_no_semi.o ABSOLUTE
    ../clib/angel/sys.s                      0x00000000   Number         0  libspace.o ABSOLUTE
    ../clib/angel/sys.s                      0x00000000   Number         0  sys_stackheap_outer.o ABSOLUTE
    ../clib/angel/sys.s                      0x00000000   Number         0  indicate_semi.o ABSOLUTE
    ../clib/angel/sysapp.c                   0x00000000   Number         0  sys_wrch.o ABSOLUTE
    ../clib/angel/sysapp.c                   0x00000000   Number         0  sys_command.o ABSOLUTE
    ../clib/angel/sysapp.c                   0x00000000   Number         0  sys_exit.o ABSOLUTE
    ../clib/arm_runtime.c                    0x00000000   Number         0  init_aeabi.o ABSOLUTE
    ../clib/arm_runtime.c                    0x00000000   Number         0  init_aeabi.o ABSOLUTE
    ../clib/armsys.c                         0x00000000   Number         0  no_argv.o ABSOLUTE
    ../clib/armsys.c                         0x00000000   Number         0  argv_veneer.o ABSOLUTE
    ../clib/armsys.c                         0x00000000   Number         0  argv_veneer.o ABSOLUTE
    ../clib/armsys.c                         0x00000000   Number         0  _get_argv_nomalloc.o ABSOLUTE
    ../clib/heapalloc.c                      0x00000000   Number         0  hrguard.o ABSOLUTE
    ../clib/heapaux.c                        0x00000000   Number         0  heapauxi.o ABSOLUTE
    ../clib/libinit.s                        0x00000000   Number         0  libshutdown2.o ABSOLUTE
    ../clib/libinit.s                        0x00000000   Number         0  libshutdown.o ABSOLUTE
    ../clib/libinit.s                        0x00000000   Number         0  libinit.o ABSOLUTE
    ../clib/libinit.s                        0x00000000   Number         0  libinit2.o ABSOLUTE
    ../clib/signal.c                         0x00000000   Number         0  defsig_abrt_inner.o ABSOLUTE
    ../clib/signal.c                         0x00000000   Number         0  defsig_segv_inner.o ABSOLUTE
    ../clib/signal.c                         0x00000000   Number         0  defsig_rtred_inner.o ABSOLUTE
    ../clib/signal.c                         0x00000000   Number         0  defsig_general.o ABSOLUTE
    ../clib/signal.c                         0x00000000   Number         0  defsig_other.o ABSOLUTE
    ../clib/signal.c                         0x00000000   Number         0  defsig_cppl_inner.o ABSOLUTE
    ../clib/signal.c                         0x00000000   Number         0  defsig_pvfn_inner.o ABSOLUTE
    ../clib/signal.c                         0x00000000   Number         0  defsig_stak_inner.o ABSOLUTE
    ../clib/signal.c                         0x00000000   Number         0  defsig_rtmem_inner.o ABSOLUTE
    ../clib/signal.c                         0x00000000   Number         0  defsig_fpe_inner.o ABSOLUTE
    ../clib/signal.c                         0x00000000   Number         0  __raise.o ABSOLUTE
    ../clib/signal.c                         0x00000000   Number         0  defsig_exit.o ABSOLUTE
    ../clib/signal.c                         0x00000000   Number         0  defsig_rtmem_outer.o ABSOLUTE
    ../clib/signal.c                         0x00000000   Number         0  defsig_rtmem_formal.o ABSOLUTE
    ../clib/signal.s                         0x00000000   Number         0  defsig.o ABSOLUTE
    ../clib/stdlib.c                         0x00000000   Number         0  exit.o ABSOLUTE
    ../fplib/fpinit.s                        0x00000000   Number         0  fpinit.o ABSOLUTE
    Startup.s                                0x00000000   Number         0  startup.o ABSOLUTE
    dc.s                                     0x00000000   Number         0  dc.o ABSOLUTE
    keyboard.cpp                             0x00000000   Number         0  keyboard.o ABSOLUTE
    led.cpp                                  0x00000000   Number         0  led.o ABSOLUTE
    ledinv.cpp                               0x00000000   Number         0  ledinv.o ABSOLUTE
    main.cpp                                 0x00000000   Number         0  main.o ABSOLUTE
    stepper.cpp                              0x00000000   Number         0  stepper.o ABSOLUTE
    Undef_Handler                            0x00000040   ARM Code       4  startup.o(RESET)
    SWI_Handler                              0x00000044   ARM Code       4  startup.o(RESET)
    PAbt_Handler                             0x00000048   ARM Code       4  startup.o(RESET)
    DAbt_Handler                             0x0000004c   ARM Code       4  startup.o(RESET)
    IRQ_Handler                              0x00000050   ARM Code       4  startup.o(RESET)
    FIQ_Handler                              0x00000054   ARM Code       4  startup.o(RESET)
    !!!main                                  0x00000110   Section        8  __main.o(!!!main)
    !!!scatter                               0x00000118   Section       60  __scatter.o(!!!scatter)
    !!handler_copy                           0x00000154   Section       40  __scatter_copy.o(!!handler_copy)
    !!handler_zi                             0x0000017c   Section       44  __scatter_zi.o(!!handler_zi)
    .ARM.Collect$$libinit$$00000000          0x000001b0   Section        2  libinit.o(.ARM.Collect$$libinit$$00000000)
    .ARM.Collect$$libinit$$00000002          0x000001b2   Section        0  libinit2.o(.ARM.Collect$$libinit$$00000002)
    .ARM.Collect$$libinit$$00000008          0x000001b2   Section        0  libinit2.o(.ARM.Collect$$libinit$$00000008)
    .ARM.Collect$$libinit$$0000000A          0x000001b2   Section        0  libinit2.o(.ARM.Collect$$libinit$$0000000A)
    .ARM.Collect$$libinit$$0000000C          0x000001b2   Section        0  libinit2.o(.ARM.Collect$$libinit$$0000000C)
    .ARM.Collect$$libinit$$0000000F          0x000001b2   Section        0  libinit2.o(.ARM.Collect$$libinit$$0000000F)
    .ARM.Collect$$libinit$$00000011          0x000001b2   Section        0  libinit2.o(.ARM.Collect$$libinit$$00000011)
    .ARM.Collect$$libinit$$00000013          0x000001b2   Section        0  libinit2.o(.ARM.Collect$$libinit$$00000013)
    .ARM.Collect$$libinit$$00000015          0x000001b2   Section        0  libinit2.o(.ARM.Collect$$libinit$$00000015)
    .ARM.Collect$$libinit$$00000017          0x000001b2   Section        0  libinit2.o(.ARM.Collect$$libinit$$00000017)
    .ARM.Collect$$libinit$$00000019          0x000001b2   Section        0  libinit2.o(.ARM.Collect$$libinit$$00000019)
    .ARM.Collect$$libinit$$0000001B          0x000001b2   Section        0  libinit2.o(.ARM.Collect$$libinit$$0000001B)
    .ARM.Collect$$libinit$$0000001D          0x000001b2   Section        0  libinit2.o(.ARM.Collect$$libinit$$0000001D)
    .ARM.Collect$$libinit$$0000001F          0x000001b2   Section        0  libinit2.o(.ARM.Collect$$libinit$$0000001F)
    .ARM.Collect$$libinit$$00000021          0x000001b2   Section        0  libinit2.o(.ARM.Collect$$libinit$$00000021)
    .ARM.Collect$$libinit$$00000023          0x000001b2   Section        0  libinit2.o(.ARM.Collect$$libinit$$00000023)
    .ARM.Collect$$libinit$$0000002A          0x000001b2   Section        0  libinit2.o(.ARM.Collect$$libinit$$0000002A)
    .ARM.Collect$$libinit$$0000002C          0x000001b2   Section        0  libinit2.o(.ARM.Collect$$libinit$$0000002C)
    .ARM.Collect$$libinit$$0000002E          0x000001b2   Section        0  libinit2.o(.ARM.Collect$$libinit$$0000002E)
    .ARM.Collect$$libinit$$0000002F          0x000001b2   Section        4  libinit2.o(.ARM.Collect$$libinit$$0000002F)
    .ARM.Collect$$libinit$$00000030          0x000001b6   Section        0  libinit2.o(.ARM.Collect$$libinit$$00000030)
    .ARM.Collect$$libinit$$00000031          0x000001b6   Section       12  libinit2.o(.ARM.Collect$$libinit$$00000031)
    .ARM.Collect$$libshutdown$$00000000      0x000001cc   Section        4  libshutdown.o(.ARM.Collect$$libshutdown$$00000000)
    .ARM.Collect$$libshutdown$$00000003      0x000001d0   Section        0  libshutdown2.o(.ARM.Collect$$libshutdown$$00000003)
    .ARM.Collect$$libshutdown$$00000006      0x000001d0   Section        0  libshutdown2.o(.ARM.Collect$$libshutdown$$00000006)
    .ARM.Collect$$libshutdown$$00000009      0x000001d0   Section        0  libshutdown2.o(.ARM.Collect$$libshutdown$$00000009)
    .ARM.Collect$$libshutdown$$0000000B      0x000001d0   Section        0  libshutdown2.o(.ARM.Collect$$libshutdown$$0000000B)
    .ARM.Collect$$libshutdown$$0000000E      0x000001d0   Section        0  libshutdown2.o(.ARM.Collect$$libshutdown$$0000000E)
    .ARM.Collect$$libshutdown$$0000000F      0x000001d0   Section        6  libshutdown2.o(.ARM.Collect$$libshutdown$$0000000F)
    .ARM.Collect$$rtentry$$00000000          0x000001d8   Section        0  rtentry.o(.ARM.Collect$$rtentry$$00000000)
    .ARM.Collect$$rtentry$$00000002          0x000001d8   Section        0  rtentry2.o(.ARM.Collect$$rtentry$$00000002)
    .ARM.Collect$$rtentry$$00000004          0x000001d8   Section        8  rtentry4.o(.ARM.Collect$$rtentry$$00000004)
    .ARM.Collect$$rtentry$$00000009          0x000001e0   Section        0  rtentry2.o(.ARM.Collect$$rtentry$$00000009)
    .ARM.Collect$$rtentry$$0000000A          0x000001e0   Section        4  rtentry2.o(.ARM.Collect$$rtentry$$0000000A)
    .ARM.Collect$$rtentry$$0000000C          0x000001e4   Section        0  rtentry2.o(.ARM.Collect$$rtentry$$0000000C)
    .ARM.Collect$$rtentry$$0000000D          0x000001e4   Section       40  rtentry2.o(.ARM.Collect$$rtentry$$0000000D)
    .ARM.Collect$$rtexit$$00000000           0x00000210   Section        4  rtexit.o(.ARM.Collect$$rtexit$$00000000)
    .ARM.Collect$$rtexit$$00000002           0x00000214   Section        0  rtexit2.o(.ARM.Collect$$rtexit$$00000002)
    .ARM.Collect$$rtexit$$00000003           0x00000214   Section        4  rtexit2.o(.ARM.Collect$$rtexit$$00000003)
    .ARM.Collect$$rtexit$$00000004           0x00000218   Section        8  rtexit2.o(.ARM.Collect$$rtexit$$00000004)
    .text                                    0x00000220   Section       32  startup.o(.text)
    .text                                    0x00000240   Section        0  main.o(.text)
    __sti___8_main_cpp                       0x000002f8   ARM Code      20  main.o(.text)
    .text                                    0x0000031c   Section        0  led.o(.text)
    .text                                    0x000003dc   Section        0  stepper.o(.text)
    .text                                    0x000004bc   Section        0  ledinv.o(.text)
    .text                                    0x00000550   Section        0  keyboard.o(.text)
    .text                                    0x000005d8   Section        0  heapauxi.o(.text)
    .text                                    0x000005e0   Section        0  init_aeabi.o(.text)
    .text                                    0x00000608   Section       96  sys_stackheap_outer.o(.text)
    .text                                    0x00000668   Section        0  exit.o(.text)
    .text                                    0x00000674   Section       12  libspace.o(.text)
    .text                                    0x00000680   Section        4  use_no_semi.o(.text)
    .text                                    0x00000684   Section        0  indicate_semi.o(.text)
    .text                                    0x0000068c   Section        0  sys_exit.o(.text)
    i.__ARM_common_call_via_r0               0x00000698   Section        0  init_aeabi.o(i.__ARM_common_call_via_r0)
    .constdata__ZTV3Led                      0x0000069c   Section       12  led.o(.constdata__ZTV3Led)
    .constdata__ZTV6LedInv                   0x000006a8   Section       12  ledinv.o(.constdata__ZTV6LedInv)
    .init_array                              0x000006d4   Section        4  main.o(.init_array)
    .data                                    0x40000000   Section        9  main.o(.data)
    .bss                                     0x4000000c   Section       96  libspace.o(.bss)
    HEAP                                     0x40000070   Section        0  startup.o(HEAP)
    STACK                                    0x40000070   Section     1160  startup.o(STACK)
    Heap_Mem                                 0x40000070   Data           0  startup.o(HEAP)
    Stack_Mem                                0x40000070   Data        1024  startup.o(STACK)
    Stack_Top                                0x400004f8   Data           0  startup.o(STACK)

    Global Symbols

    Symbol Name                              Value     Ov Type        Size  Object(Section)

    BuildAttributes$$THM_ISAv1$ARM_ISAv4$S$PE$A:L22$X:L11$S22$IEEE1$IW$USESV6$~STKCKD$USESV7$~SHL$OSPACE$ROPI$EBA8$UX$STANDARDLIB$REQ8$PRES8$EABIv2 0x00000000   Number         0  anon$$obj.o ABSOLUTE
    __ARM_use_no_argv                        0x00000000   Number         0  main.o ABSOLUTE
    __ARM_exceptions_init                     - Undefined Weak Reference
    __alloca_initialize                       - Undefined Weak Reference
    __cxa_finalize                            - Undefined Weak Reference
    __rt_locale                               - Undefined Weak Reference
    __sigvec_lookup                           - Undefined Weak Reference
    _atexit_init                              - Undefined Weak Reference
    _call_atexit_fns                          - Undefined Weak Reference
    _clock_init                               - Undefined Weak Reference
    _fp_trap_init                             - Undefined Weak Reference
    _fp_trap_shutdown                         - Undefined Weak Reference
    _get_lc_collate                           - Undefined Weak Reference
    _get_lc_ctype                             - Undefined Weak Reference
    _get_lc_monetary                          - Undefined Weak Reference
    _get_lc_numeric                           - Undefined Weak Reference
    _get_lc_time                              - Undefined Weak Reference
    _getenv_init                              - Undefined Weak Reference
    _handle_redirection                       - Undefined Weak Reference
    _init_alloc                               - Undefined Weak Reference
    _init_user_alloc                          - Undefined Weak Reference
    _initio                                   - Undefined Weak Reference
    _rand_init                                - Undefined Weak Reference
    _signal_finish                            - Undefined Weak Reference
    _signal_init                              - Undefined Weak Reference
    _terminate_alloc                          - Undefined Weak Reference
    _terminate_user_alloc                     - Undefined Weak Reference
    _terminateio                              - Undefined Weak Reference
    Reset_Handler                            0x00000058   ARM Code       0  startup.o(RESET)
    __main                                   0x00000110   ARM Code       8  __main.o(!!!main)
    __scatterload                            0x00000118   ARM Code       0  __scatter.o(!!!scatter)
    __scatterload_rt2                        0x00000118   ARM Code      52  __scatter.o(!!!scatter)
    __scatterload_null                       0x0000012c   ARM Code       0  __scatter.o(!!!scatter)
    __scatterload_copy                       0x00000154   ARM Code      40  __scatter_copy.o(!!handler_copy)
    __scatterload_zeroinit                   0x0000017c   ARM Code      44  __scatter_zi.o(!!handler_zi)
    Inline ARM to Thumb Veneer to __rt_lib_init 0x000001a8   ARM Code       8  libinit.o(.ARM.Collect$$libinit$$00000000)
    __rt_lib_init                            0x000001b1   Thumb Code     0  libinit.o(.ARM.Collect$$libinit$$00000000)
    __rt_lib_init_alloca_1                   0x000001b3   Thumb Code     0  libinit2.o(.ARM.Collect$$libinit$$0000002C)
    __rt_lib_init_argv_1                     0x000001b3   Thumb Code     0  libinit2.o(.ARM.Collect$$libinit$$0000002A)
    __rt_lib_init_atexit_1                   0x000001b3   Thumb Code     0  libinit2.o(.ARM.Collect$$libinit$$00000019)
    __rt_lib_init_clock_1                    0x000001b3   Thumb Code     0  libinit2.o(.ARM.Collect$$libinit$$0000001F)
    __rt_lib_init_cpp_2                      0x000001b3   Thumb Code     0  libinit2.o(.ARM.Collect$$libinit$$0000002F)
    __rt_lib_init_exceptions_1               0x000001b3   Thumb Code     0  libinit2.o(.ARM.Collect$$libinit$$0000002E)
    __rt_lib_init_fp_1                       0x000001b3   Thumb Code     0  libinit2.o(.ARM.Collect$$libinit$$00000002)
    __rt_lib_init_fp_trap_1                  0x000001b3   Thumb Code     0  libinit2.o(.ARM.Collect$$libinit$$0000001D)
    __rt_lib_init_getenv_1                   0x000001b3   Thumb Code     0  libinit2.o(.ARM.Collect$$libinit$$00000021)
    __rt_lib_init_heap_1                     0x000001b3   Thumb Code     0  libinit2.o(.ARM.Collect$$libinit$$00000008)
    __rt_lib_init_lc_collate_1               0x000001b3   Thumb Code     0  libinit2.o(.ARM.Collect$$libinit$$0000000F)
    __rt_lib_init_lc_ctype_1                 0x000001b3   Thumb Code     0  libinit2.o(.ARM.Collect$$libinit$$00000011)
    __rt_lib_init_lc_monetary_1              0x000001b3   Thumb Code     0  libinit2.o(.ARM.Collect$$libinit$$00000013)
    __rt_lib_init_lc_numeric_1               0x000001b3   Thumb Code     0  libinit2.o(.ARM.Collect$$libinit$$00000015)
    __rt_lib_init_lc_time_1                  0x000001b3   Thumb Code     0  libinit2.o(.ARM.Collect$$libinit$$00000017)
    __rt_lib_init_rand_1                     0x000001b3   Thumb Code     0  libinit2.o(.ARM.Collect$$libinit$$0000000C)
    __rt_lib_init_signal_1                   0x000001b3   Thumb Code     0  libinit2.o(.ARM.Collect$$libinit$$0000001B)
    __rt_lib_init_stdio_1                    0x000001b3   Thumb Code     0  libinit2.o(.ARM.Collect$$libinit$$00000023)
    __rt_lib_init_user_alloc_1               0x000001b3   Thumb Code     0  libinit2.o(.ARM.Collect$$libinit$$0000000A)
    __rt_lib_init_cpp_1                      0x000001b7   Thumb Code     0  libinit2.o(.ARM.Collect$$libinit$$00000030)
    __rt_lib_init_return                     0x000001b7   Thumb Code     0  libinit2.o(.ARM.Collect$$libinit$$00000031)
    Inline ARM to Thumb Veneer to __rt_lib_shutdown 0x000001c4   ARM Code       8  libshutdown.o(.ARM.Collect$$libshutdown$$00000000)
    __rt_lib_shutdown                        0x000001cd   Thumb Code     0  libshutdown.o(.ARM.Collect$$libshutdown$$00000000)
    __rt_lib_shutdown_fp_trap_1              0x000001d1   Thumb Code     0  libshutdown2.o(.ARM.Collect$$libshutdown$$00000006)
    __rt_lib_shutdown_heap_1                 0x000001d1   Thumb Code     0  libshutdown2.o(.ARM.Collect$$libshutdown$$0000000E)
    __rt_lib_shutdown_return                 0x000001d1   Thumb Code     0  libshutdown2.o(.ARM.Collect$$libshutdown$$0000000F)
    __rt_lib_shutdown_signal_1               0x000001d1   Thumb Code     0  libshutdown2.o(.ARM.Collect$$libshutdown$$00000009)
    __rt_lib_shutdown_stdio_1                0x000001d1   Thumb Code     0  libshutdown2.o(.ARM.Collect$$libshutdown$$00000003)
    __rt_lib_shutdown_user_alloc_1           0x000001d1   Thumb Code     0  libshutdown2.o(.ARM.Collect$$libshutdown$$0000000B)
    __rt_entry                               0x000001d8   ARM Code       0  rtentry.o(.ARM.Collect$$rtentry$$00000000)
    __rt_entry_presh_1                       0x000001d8   ARM Code       0  rtentry2.o(.ARM.Collect$$rtentry$$00000002)
    __rt_entry_sh                            0x000001d8   ARM Code       0  rtentry4.o(.ARM.Collect$$rtentry$$00000004)
    __rt_entry_li                            0x000001e0   ARM Code       0  rtentry2.o(.ARM.Collect$$rtentry$$0000000A)
    __rt_entry_postsh_1                      0x000001e0   ARM Code       0  rtentry2.o(.ARM.Collect$$rtentry$$00000009)
    __rt_entry_main                          0x000001e4   ARM Code       0  rtentry2.o(.ARM.Collect$$rtentry$$0000000D)
    __rt_entry_postli_1                      0x000001e4   ARM Code       0  rtentry2.o(.ARM.Collect$$rtentry$$0000000C)
    Inline Thumb to ARM Veneer to __rt_exit  0x0000020d   Thumb Code     4  rtexit.o(.ARM.Collect$$rtexit$$00000000)
    __rt_exit                                0x00000210   ARM Code       0  rtexit.o(.ARM.Collect$$rtexit$$00000000)
    __rt_exit_ls                             0x00000214   ARM Code       0  rtexit2.o(.ARM.Collect$$rtexit$$00000003)
    __rt_exit_prels_1                        0x00000214   ARM Code       0  rtexit2.o(.ARM.Collect$$rtexit$$00000002)
    __rt_exit_exit                           0x00000218   ARM Code       0  rtexit2.o(.ARM.Collect$$rtexit$$00000004)
    __user_initial_stackheap                 0x00000220   ARM Code       0  startup.o(.text)
    Delay(int)                               0x00000240   ARM Code      32  main.o(.text)
    main                                     0x00000260   ARM Code     152  main.o(.text)
    Led::Led()                               0x0000031c   ARM Code      40  led.o(.text)
    Led::Led__sub_object()                   0x0000031c   ARM Code       0  led.o(.text)
    Led::On(unsigned char)                   0x00000344   ARM Code     144  led.o(.text)
    Stepper::Step(Step)                      0x000003dc   ARM Code     160  stepper.o(.text)
    Stepper::StepLeft()                      0x0000047c   ARM Code      28  stepper.o(.text)
    Stepper::StepRight()                     0x00000498   ARM Code      28  stepper.o(.text)
    Stepper::SetLed(Led*)                    0x000004b4   ARM Code       8  stepper.o(.text)
    LedInv::On(unsigned char)                0x000004bc   ARM Code     144  ledinv.o(.text)
    Keyboard::Keyboard()                     0x00000550   ARM Code      24  keyboard.o(.text)
    Keyboard::Keyboard__sub_object()         0x00000550   ARM Code       0  keyboard.o(.text)
    Keyboard::eRead()                        0x00000568   ARM Code     108  keyboard.o(.text)
    __use_two_region_memory                  0x000005d9   Thumb Code     2  heapauxi.o(.text)
    __rt_heap_escrow$2region                 0x000005db   Thumb Code     2  heapauxi.o(.text)
    __rt_heap_expand$2region                 0x000005dd   Thumb Code     2  heapauxi.o(.text)
    __cpp_initialize__aeabi_                 0x000005e1   Thumb Code    32  init_aeabi.o(.text)
    __user_setup_stackheap                   0x00000608   ARM Code      96  sys_stackheap_outer.o(.text)
    exit                                     0x00000669   Thumb Code    12  exit.o(.text)
    __user_libspace                          0x00000674   ARM Code      12  libspace.o(.text)
    __user_perproc_libspace                  0x00000674   ARM Code       0  libspace.o(.text)
    __user_perthread_libspace                0x00000674   ARM Code       0  libspace.o(.text)
    __I$use$semihosting                      0x00000680   ARM Code       0  use_no_semi.o(.text)
    __use_no_semihosting_swi                 0x00000680   ARM Code       4  use_no_semi.o(.text)
    Inline ARM to Thumb Veneer to _sys_exit  0x00000684   ARM Code       8  sys_exit.o(.text)
    __semihosting_library_function           0x00000684   ARM Code       0  indicate_semi.o(.text)
    _sys_exit                                0x0000068d   Thumb Code     8  sys_exit.o(.text)
    __ARM_common_call_via_r0                 0x00000699   Thumb Code     2  init_aeabi.o(i.__ARM_common_call_via_r0)
    vtable for Led                           0x0000069c   Data          12  led.o(.constdata__ZTV3Led)
    vtable for LedInv                        0x000006a8   Data          12  ledinv.o(.constdata__ZTV6LedInv)
    Region$$Table$$Base                      0x000006b4   Number         0  anon$$obj.o(Region$$Table)
    Region$$Table$$Limit                     0x000006d4   Number         0  anon$$obj.o(Region$$Table)
    SHT$$INIT_ARRAY$$Base                    0x000006d4   Number         0  main.o(.init_array)
    SHT$$INIT_ARRAY$$Limit                   0x000006d8   Number         0  main.o(.init_array)
    MyStepper                                0x40000000   Data           8  main.o(.data)
    MyKeyboard                               0x40000008   Data           1  main.o(.data)
    __libspace_start                         0x4000000c   Data          96  libspace.o(.bss)
    __temporary_stack_top$libspace           0x4000006c   Data           0  libspace.o(.bss)



==============================================================================

Memory Map of the image

  Image Entry point : 0x00000110

  Load Region LR_IROM1 (Base: 0x00000000, Size: 0x000006e4, Max: 0x00008000, ABSOLUTE)

    Execution Region ER_IROM1 (Base: 0x00000000, Size: 0x000006d8, Max: 0x00008000, ABSOLUTE)

    Base Addr    Size         Type   Attr      Idx    E Section Name        Object

    0x00000000   0x00000110   Code   RO            3    RESET               startup.o
    0x00000110   0x00000008   Code   RO          114  * !!!main             c_t.l(__main.o)
    0x00000118   0x0000003c   Code   RO          389    !!!scatter          c_t.l(__scatter.o)
    0x00000154   0x00000028   Code   RO          391    !!handler_copy      c_t.l(__scatter_copy.o)
    0x0000017c   0x0000002c   Code   RO          393    !!handler_zi        c_t.l(__scatter_zi.o)
    0x000001a8   0x00000008   Ven    RO          311    .ARM.Collect$$libinit$$00000000  c_t.l(libinit.o)
    0x000001b0   0x00000002   Code   RO          311    .ARM.Collect$$libinit$$00000000  c_t.l(libinit.o)
    0x000001b2   0x00000000   Code   RO          227    .ARM.Collect$$libinit$$00000002  c_t.l(libinit2.o)
    0x000001b2   0x00000000   Code   RO          230    .ARM.Collect$$libinit$$00000008  c_t.l(libinit2.o)
    0x000001b2   0x00000000   Code   RO          232    .ARM.Collect$$libinit$$0000000A  c_t.l(libinit2.o)
    0x000001b2   0x00000000   Code   RO          234    .ARM.Collect$$libinit$$0000000C  c_t.l(libinit2.o)
    0x000001b2   0x00000000   Code   RO          237    .ARM.Collect$$libinit$$0000000F  c_t.l(libinit2.o)
    0x000001b2   0x00000000   Code   RO          239    .ARM.Collect$$libinit$$00000011  c_t.l(libinit2.o)
    0x000001b2   0x00000000   Code   RO          241    .ARM.Collect$$libinit$$00000013  c_t.l(libinit2.o)
    0x000001b2   0x00000000   Code   RO          243    .ARM.Collect$$libinit$$00000015  c_t.l(libinit2.o)
    0x000001b2   0x00000000   Code   RO          245    .ARM.Collect$$libinit$$00000017  c_t.l(libinit2.o)
    0x000001b2   0x00000000   Code   RO          247    .ARM.Collect$$libinit$$00000019  c_t.l(libinit2.o)
    0x000001b2   0x00000000   Code   RO          249    .ARM.Collect$$libinit$$0000001B  c_t.l(libinit2.o)
    0x000001b2   0x00000000   Code   RO          251    .ARM.Collect$$libinit$$0000001D  c_t.l(libinit2.o)
    0x000001b2   0x00000000   Code   RO          253    .ARM.Collect$$libinit$$0000001F  c_t.l(libinit2.o)
    0x000001b2   0x00000000   Code   RO          255    .ARM.Collect$$libinit$$00000021  c_t.l(libinit2.o)
    0x000001b2   0x00000000   Code   RO          257    .ARM.Collect$$libinit$$00000023  c_t.l(libinit2.o)
    0x000001b2   0x00000000   Code   RO          261    .ARM.Collect$$libinit$$0000002A  c_t.l(libinit2.o)
    0x000001b2   0x00000000   Code   RO          263    .ARM.Collect$$libinit$$0000002C  c_t.l(libinit2.o)
    0x000001b2   0x00000000   Code   RO          265    .ARM.Collect$$libinit$$0000002E  c_t.l(libinit2.o)
    0x000001b2   0x00000004   Code   RO          266    .ARM.Collect$$libinit$$0000002F  c_t.l(libinit2.o)
    0x000001b6   0x00000000   Code   RO          267    .ARM.Collect$$libinit$$00000030  c_t.l(libinit2.o)
    0x000001b6   0x0000000c   Code   RO          268    .ARM.Collect$$libinit$$00000031  c_t.l(libinit2.o)
    0x000001c2   0x00000002   PAD
    0x000001c4   0x00000008   Ven    RO          351    .ARM.Collect$$libshutdown$$00000000  c_t.l(libshutdown.o)
    0x000001cc   0x00000004   Code   RO          351    .ARM.Collect$$libshutdown$$00000000  c_t.l(libshutdown.o)
    0x000001d0   0x00000000   Code   RO          358    .ARM.Collect$$libshutdown$$00000003  c_t.l(libshutdown2.o)
    0x000001d0   0x00000000   Code   RO          361    .ARM.Collect$$libshutdown$$00000006  c_t.l(libshutdown2.o)
    0x000001d0   0x00000000   Code   RO          364    .ARM.Collect$$libshutdown$$00000009  c_t.l(libshutdown2.o)
    0x000001d0   0x00000000   Code   RO          366    .ARM.Collect$$libshutdown$$0000000B  c_t.l(libshutdown2.o)
    0x000001d0   0x00000000   Code   RO          369    .ARM.Collect$$libshutdown$$0000000E  c_t.l(libshutdown2.o)
    0x000001d0   0x00000006   Code   RO          370    .ARM.Collect$$libshutdown$$0000000F  c_t.l(libshutdown2.o)
    0x000001d6   0x00000002   PAD
    0x000001d8   0x00000000   Code   RO          225    .ARM.Collect$$rtentry$$00000000  c_t.l(rtentry.o)
    0x000001d8   0x00000000   Code   RO          280    .ARM.Collect$$rtentry$$00000002  c_t.l(rtentry2.o)
    0x000001d8   0x00000008   Code   RO          292    .ARM.Collect$$rtentry$$00000004  c_t.l(rtentry4.o)
    0x000001e0   0x00000000   Code   RO          282    .ARM.Collect$$rtentry$$00000009  c_t.l(rtentry2.o)
    0x000001e0   0x00000004   Code   RO          283    .ARM.Collect$$rtentry$$0000000A  c_t.l(rtentry2.o)
    0x000001e4   0x00000000   Code   RO          285    .ARM.Collect$$rtentry$$0000000C  c_t.l(rtentry2.o)
    0x000001e4   0x00000028   Code   RO          286    .ARM.Collect$$rtentry$$0000000D  c_t.l(rtentry2.o)
    0x0000020c   0x00000004   Ven    RO          317    .ARM.Collect$$rtexit$$00000000  c_t.l(rtexit.o)
    0x00000210   0x00000004   Code   RO          317    .ARM.Collect$$rtexit$$00000000  c_t.l(rtexit.o)
    0x00000214   0x00000000   Code   RO          329    .ARM.Collect$$rtexit$$00000002  c_t.l(rtexit2.o)
    0x00000214   0x00000004   Code   RO          330    .ARM.Collect$$rtexit$$00000003  c_t.l(rtexit2.o)
    0x00000218   0x00000008   Code   RO          331    .ARM.Collect$$rtexit$$00000004  c_t.l(rtexit2.o)
    0x00000220   0x00000020   Code   RO            4    .text               startup.o
    0x00000240   0x000000dc   Code   RO           11    .text               main.o
    0x0000031c   0x000000c0   Code   RO           44    .text               led.o
    0x000003dc   0x000000e0   Code   RO           63    .text               stepper.o
    0x000004bc   0x00000094   Code   RO           79    .text               ledinv.o
    0x00000550   0x00000088   Code   RO           98    .text               keyboard.o
    0x000005d8   0x00000006   Code   RO          112    .text               c_t.l(heapauxi.o)
    0x000005de   0x00000002   PAD
    0x000005e0   0x00000028   Code   RO          119    .text               c_t.l(init_aeabi.o)
    0x00000608   0x00000060   Code   RO          298    .text               c_t.l(sys_stackheap_outer.o)
    0x00000668   0x0000000c   Code   RO          300    .text               c_t.l(exit.o)
    0x00000674   0x0000000c   Code   RO          314    .text               c_t.l(libspace.o)
    0x00000680   0x00000004   Code   RO          325    .text               c_t.l(use_no_semi.o)
    0x00000684   0x00000000   Code   RO          327    .text               c_t.l(indicate_semi.o)
    0x00000684   0x00000008   Ven    RO          341    .text               c_t.l(sys_exit.o)
    0x0000068c   0x0000000c   Code   RO          341    .text               c_t.l(sys_exit.o)
    0x00000698   0x00000002   Code   RO          122    i.__ARM_common_call_via_r0  c_t.l(init_aeabi.o)
    0x0000069a   0x00000002   PAD
    0x0000069c   0x0000000c   Data   RO           54    .constdata__ZTV3Led  led.o
    0x000006a8   0x0000000c   Data   RO           89    .constdata__ZTV6LedInv  ledinv.o
    0x000006b4   0x00000020   Data   RO          387    Region$$Table       anon$$obj.o
    0x000006d4   0x00000004   Data   RO           14    .init_array         main.o


    Execution Region RW_IRAM1 (Base: 0x40000000, Size: 0x000004f8, Max: 0x00002000, ABSOLUTE)

    Base Addr    Size         Type   Attr      Idx    E Section Name        Object

    0x40000000   0x00000009   Data   RW           13    .data               main.o
    0x40000009   0x00000003   PAD
    0x4000000c   0x00000060   Zero   RW          315    .bss                c_t.l(libspace.o)
    0x4000006c   0x00000004   PAD
    0x40000070   0x00000000   Zero   RW            2    HEAP                startup.o
    0x40000070   0x00000488   Zero   RW            1    STACK               startup.o


==============================================================================

Image component sizes


      Code (inc. data)   RO Data    RW Data    ZI Data      Debug   Object Name

       136          4          0          0          0        604   keyboard.o
       192          8         12          0          0        624   led.o
       148          4         12          0          0        444   ledinv.o
       220         16          4          9          0       5216   main.o
       304         60          0          0       1160        436   startup.o
       224          0          0          0          0       2212   stepper.o

    ----------------------------------------------------------------------
      1224         92         60         12       1160       9536   Object Totals
         0          0         32          0          0          0   (incl. Generated)
         0          0          0          3          0          0   (incl. Padding)

    ----------------------------------------------------------------------

      Code (inc. data)   RO Data    RW Data    ZI Data      Debug   Library Member Name

         8          0          0          0          0         68   __main.o
        60          8          0          0          0          0   __scatter.o
        40          0          0          0          0          0   __scatter_copy.o
        44          0          0          0          0          0   __scatter_zi.o
        12          0          0          0          0         64   exit.o
         6          0          0          0          0        136   heapauxi.o
         0          0          0          0          0          0   indicate_semi.o
        42          8          0          0          0        144   init_aeabi.o
        10          0          0          0          0          0   libinit.o
        16          0          0          0          0          0   libinit2.o
        12          0          0          0          0          0   libshutdown.o
         6          0          0          0          0          0   libshutdown2.o
        12          4          0          0         96         68   libspace.o
         0          0          0          0          0          0   rtentry.o
        44          4          0          0          0          0   rtentry2.o
         8          0          0          0          0          0   rtentry4.o
         8          0          0          0          0          0   rtexit.o
        12          0          0          0          0          0   rtexit2.o
        20          4          0          0          0         60   sys_exit.o
        96          0          0          0          0         80   sys_stackheap_outer.o
         4          0          0          0          0         68   use_no_semi.o

    ----------------------------------------------------------------------
       468         28          0          0        100        688   Library Totals
         8          0          0          0          4          0   (incl. Padding)

    ----------------------------------------------------------------------

      Code (inc. data)   RO Data    RW Data    ZI Data      Debug   Library Name

       460         28          0          0         96        688   c_t.l

    ----------------------------------------------------------------------
       468         28          0          0        100        688   Library Totals

    ----------------------------------------------------------------------

==============================================================================


      Code (inc. data)   RO Data    RW Data    ZI Data      Debug   

      1692        120         60         12       1260       9632   Grand Totals
      1692        120         60         12       1260       9632   ELF Image Totals
      1692        120         60         12          0          0   ROM Totals

==============================================================================

    Total RO  Size (Code + RO Data)                 1752 (   1.71kB)
    Total RW  Size (RW Data + ZI Data)              1272 (   1.24kB)
    Total ROM Size (Code + RO Data + RW Data)       1764 (   1.72kB)

==============================================================================

