<html>
<body>
<pre>
<h1>µVision Build Log</h1>
<h2>Project:</h2>
D:\Studia\PPO\Patryk Lipiñski\8b\Project.uvproj
Project File Date:  03/02/2022

<h2>Output:</h2>
Rebuild target 'Target 1'
assembling Startup.s...
compiling main.cpp...
compiling led.cpp...
compiling stepper.cpp...
compiling keyboard.cpp...
linking...
.\Project.axf: Error: L6218E: Undefined symbol Keyboard::eRead() (referred from main.o).
".\Project.axf" - 1 Errors, 0 Warning(s).
Target not created
Rebuild target 'Target 1'
assembling Startup.s...
compiling main.cpp...
compiling led.cpp...
compiling stepper.cpp...
compiling keyboard.cpp...
linking...
.\Project.axf: Error: L6218E: Undefined symbol Keyboard::eRead() (referred from main.o).
".\Project.axf" - 1 Errors, 0 Warning(s).
Target not created
Rebuild target 'Target 1'
assembling Startup.s...
compiling main.cpp...
compiling led.cpp...
compiling stepper.cpp...
compiling keyboard.cpp...
linking...
Program Size: Code=1636 RO-data=36 RW-data=4 ZI-data=1260  
FromELF: creating hex file...
".\Project.axf" - 0 Errors, 0 Warning(s).
